// Jest Snapshot v1, https://goo.gl/fbAQLP

exports[`Button component should match snapshot 1`] = `
<div>
  <div
    class="sc-bczRLJ gVYvVB"
  >
    <label
      class="sc-gsnTZi gTeWuC"
    >
      Text Input
    </label>
    <input
      class="sc-dkzDqf XEbHD"
      placeholder="Text Input"
    />
  </div>
</div>
`;
